['i', 'e', 't', 'a', 'o', 'u', 'n', 'l', 'r', 'd', 's', 'm', 'c', 'p', 'q', 'b', 'f', 'g', 'v', 'x', 'h']
