is 98% other the what know dont I milk 2% say they When
is 98% other the what know dont I milk 2% say they When
4
