1 11 21 70 836 1211 4030 5830 7192 7912 9272 10430 10570 10792 10990 11410 11690 12110 13530 111221 13112221 113213211 
