0 0 0 1 1 1 1 2 2 3 4 5 7 8 13 13 21 24 34 44 55 81 89 144 149 233 274 377 504 610 927 987 1597 1705 2584 3136 4181 5768 10609 19513 
