W -> A B C
A -> D E
D -> J
B -> F G X
F -> K L
C -> H I
