Valid
Valid
Forbidden
Valid
Forbidden
Forbidden
Forbidden
Forbidden
Valid
Valid
